// Jest Snapshot v1, https://goo.gl/fbAQLP

exports[`AppConfigSchemaPropertiesTable correctly matches snapshot 1`] = `
<div>
  <table
    class="css-1ujlu4q"
  >
    <thead
      class="css-1gbkmmb"
    >
      <tr>
        <td>
          Property
        </td>
        <td>
          Description
        </td>
      </tr>
    </thead>
    <tbody>
      <tr>
        <td>
          <div
            data-testid="#### \`name\`"
            style="margin-left: 12px; display: block; list-style-type: circle; overflow-x: visible;"
          >
            <h4
              class="css-1ax30u0"
              data-heading="true"
            >
              <div
                class="css-3t0ask"
              >
                <span
                  class="css-1fj428k"
                  id="name"
                />
                <a
                  class="permalink css-1lc60ja"
                  href="#name"
                >
                  <svg
                    aria-label="permalink"
                    class="anchor-icon"
                    fill="none"
                    height="24"
                    viewBox="0 0 24 24"
                    width="24"
                    xmlns="http://www.w3.org/2000/svg"
                  >
                    <path
                      d="M10 13a5 5 0 007.54.54l3-3a5 5 0 00-7.07-7.07l-1.72 1.71"
                      stroke="#9B9B9B"
                      stroke-linecap="round"
                      stroke-linejoin="round"
                      stroke-width="2"
                    />
                    <path
                      d="M14 11a5 5 0 00-7.54-.54l-3 3a5 5 0 007.07 7.07l1.71-1.71"
                      stroke="#9B9B9B"
                      stroke-linecap="round"
                      stroke-linejoin="round"
                      stroke-width="2"
                    />
                  </svg>
                </a>
                <div
                  class="permalink-child"
                >
                  <code
                    class="css-16fp3b3 inline"
                  >
                    name
                  </code>
                </div>
              </div>
            </h4>
          </div>
        </td>
        <td
          class="css-1arns64"
        >
          <div
            class="css-wwcozn "
            data-text="true"
          >
            <strong
              class="css-ynl9kf"
            >
              (string)
            </strong>
             - Name of your app.
            <details
              class="css-1njguyv"
            >
              <summary
                class="css-t3ygxe"
              >
                Bare Workflow
              </summary>
              Edit the 'Display Name' field in Xcode
            </details>
          </div>
        </td>
      </tr>
      <tr>
        <td>
          <div
            data-testid="#### \`androidNavigationBar\`"
            style="margin-left: 12px; display: block; list-style-type: circle; overflow-x: visible;"
          >
            <h4
              class="css-1ax30u0"
              data-heading="true"
            >
              <div
                class="css-3t0ask"
              >
                <span
                  class="css-1fj428k"
                  id="androidnavigationbar"
                />
                <a
                  class="permalink css-1lc60ja"
                  href="#androidnavigationbar"
                >
                  <svg
                    aria-label="permalink"
                    class="anchor-icon"
                    fill="none"
                    height="24"
                    viewBox="0 0 24 24"
                    width="24"
                    xmlns="http://www.w3.org/2000/svg"
                  >
                    <path
                      d="M10 13a5 5 0 007.54.54l3-3a5 5 0 00-7.07-7.07l-1.72 1.71"
                      stroke="#9B9B9B"
                      stroke-linecap="round"
                      stroke-linejoin="round"
                      stroke-width="2"
                    />
                    <path
                      d="M14 11a5 5 0 00-7.54-.54l-3 3a5 5 0 007.07 7.07l1.71-1.71"
                      stroke="#9B9B9B"
                      stroke-linecap="round"
                      stroke-linejoin="round"
                      stroke-width="2"
                    />
                  </svg>
                </a>
                <div
                  class="permalink-child"
                >
                  <code
                    class="css-16fp3b3 inline"
                  >
                    androidNavigationBar
                  </code>
                </div>
              </div>
            </h4>
          </div>
        </td>
        <td
          class="css-1arns64"
        >
          <div
            class="css-wwcozn "
            data-text="true"
          >
            <strong
              class="css-ynl9kf"
            >
              (object)
            </strong>
             - Configuration for the bottom navigation bar on Android.
            <details
              class="css-1njguyv"
            >
              <summary
                class="css-t3ygxe"
              >
                ExpoKit
              </summary>
              Set this property using AppConstants.java.
            </details>
            <details
              class="css-1njguyv"
            >
              <summary
                class="css-t3ygxe"
              >
                Bare Workflow
              </summary>
              Set this property using just Xcode
            </details>
          </div>
        </td>
      </tr>
      <tr>
        <td>
          <div
            data-testid="<subpropertyAnchor><inlineCode>visible</inlineCode></subpropertyAnchor>"
            style="margin-left: 44px; display: list-item; list-style-type: default; overflow-x: visible;"
          >
            <div
              class="css-wwcozn "
              data-text="true"
            >
              <div
                class="css-3t0ask"
              >
                <span
                  class="css-1fj428k"
                  id="visible"
                />
                <a
                  class="permalink css-1lc60ja"
                  href="#visible"
                  style="left: -38px;"
                >
                  <svg
                    aria-label="permalink"
                    class="anchor-icon"
                    fill="none"
                    height="24"
                    viewBox="0 0 24 24"
                    width="24"
                    xmlns="http://www.w3.org/2000/svg"
                  >
                    <path
                      d="M10 13a5 5 0 007.54.54l3-3a5 5 0 00-7.07-7.07l-1.72 1.71"
                      stroke="#9B9B9B"
                      stroke-linecap="round"
                      stroke-linejoin="round"
                      stroke-width="2"
                    />
                    <path
                      d="M14 11a5 5 0 00-7.54-.54l-3 3a5 5 0 007.07 7.07l1.71-1.71"
                      stroke="#9B9B9B"
                      stroke-linecap="round"
                      stroke-linejoin="round"
                      stroke-width="2"
                    />
                  </svg>
                </a>
                <div
                  class="permalink-child"
                >
                  <code
                    class="css-16fp3b3 inline"
                  >
                    visible
                  </code>
                </div>
              </div>
            </div>
          </div>
        </td>
        <td
          class="css-1arns64"
        >
          <div
            class="css-wwcozn "
            data-text="true"
          >
            <strong
              class="css-ynl9kf"
            >
              (enum)
            </strong>
             - Determines how and when the navigation bar is shown.
            <details
              class="css-1njguyv"
            >
              <summary
                class="css-t3ygxe"
              >
                ExpoKit
              </summary>
              Set this property using Xcode.
            </details>
          </div>
        </td>
      </tr>
      <tr>
        <td>
          <div
            data-testid="<subpropertyAnchor><inlineCode>always</inlineCode></subpropertyAnchor>"
            style="margin-left: 76px; display: list-item; list-style-type: circle; overflow-x: visible;"
          >
            <div
              class="css-wwcozn "
              data-text="true"
            >
              <div
                class="css-3t0ask"
              >
                <span
                  class="css-1fj428k"
                  id="always"
                />
                <a
                  class="permalink css-1lc60ja"
                  href="#always"
                  style="left: -38px;"
                >
                  <svg
                    aria-label="permalink"
                    class="anchor-icon"
                    fill="none"
                    height="24"
                    viewBox="0 0 24 24"
                    width="24"
                    xmlns="http://www.w3.org/2000/svg"
                  >
                    <path
                      d="M10 13a5 5 0 007.54.54l3-3a5 5 0 00-7.07-7.07l-1.72 1.71"
                      stroke="#9B9B9B"
                      stroke-linecap="round"
                      stroke-linejoin="round"
                      stroke-width="2"
                    />
                    <path
                      d="M14 11a5 5 0 00-7.54-.54l-3 3a5 5 0 007.07 7.07l1.71-1.71"
                      stroke="#9B9B9B"
                      stroke-linecap="round"
                      stroke-linejoin="round"
                      stroke-width="2"
                    />
                  </svg>
                </a>
                <div
                  class="permalink-child"
                >
                  <code
                    class="css-16fp3b3 inline"
                  >
                    always
                  </code>
                </div>
              </div>
            </div>
          </div>
        </td>
        <td
          class="css-1arns64"
        >
          <div
            class="css-wwcozn "
            data-text="true"
          >
            <strong
              class="css-ynl9kf"
            >
              (boolean)
            </strong>
             - Test sub-sub-property
          </div>
        </td>
      </tr>
      <tr>
        <td>
          <div
            data-testid="<subpropertyAnchor><inlineCode>backgroundColor</inlineCode></subpropertyAnchor>"
            style="margin-left: 44px; display: list-item; list-style-type: default; overflow-x: visible;"
          >
            <div
              class="css-wwcozn "
              data-text="true"
            >
              <div
                class="css-3t0ask"
              >
                <span
                  class="css-1fj428k"
                  id="backgroundcolor"
                />
                <a
                  class="permalink css-1lc60ja"
                  href="#backgroundcolor"
                  style="left: -38px;"
                >
                  <svg
                    aria-label="permalink"
                    class="anchor-icon"
                    fill="none"
                    height="24"
                    viewBox="0 0 24 24"
                    width="24"
                    xmlns="http://www.w3.org/2000/svg"
                  >
                    <path
                      d="M10 13a5 5 0 007.54.54l3-3a5 5 0 00-7.07-7.07l-1.72 1.71"
                      stroke="#9B9B9B"
                      stroke-linecap="round"
                      stroke-linejoin="round"
                      stroke-width="2"
                    />
                    <path
                      d="M14 11a5 5 0 00-7.54-.54l-3 3a5 5 0 007.07 7.07l1.71-1.71"
                      stroke="#9B9B9B"
                      stroke-linecap="round"
                      stroke-linejoin="round"
                      stroke-width="2"
                    />
                  </svg>
                </a>
                <div
                  class="permalink-child"
                >
                  <code
                    class="css-16fp3b3 inline"
                  >
                    backgroundColor
                  </code>
                </div>
              </div>
            </div>
          </div>
        </td>
        <td
          class="css-1arns64"
        >
          <div
            class="css-wwcozn "
            data-text="true"
          >
            <strong
              class="css-ynl9kf"
            >
              (string)
            </strong>
             - Specifies the background color of the navigation bar. 
          </div>
          <div
            class="css-wwcozn "
            data-text="true"
          >
            6 character long hex color string, eg: 
            <code
              class="css-16fp3b3 inline"
            >
              '#000000'
            </code>
          </div>
        </td>
      </tr>
      <tr>
        <td>
          <div
            data-testid="#### \`intentFilters\`"
            style="margin-left: 12px; display: block; list-style-type: circle; overflow-x: visible;"
          >
            <h4
              class="css-1ax30u0"
              data-heading="true"
            >
              <div
                class="css-3t0ask"
              >
                <span
                  class="css-1fj428k"
                  id="intentfilters"
                />
                <a
                  class="permalink css-1lc60ja"
                  href="#intentfilters"
                >
                  <svg
                    aria-label="permalink"
                    class="anchor-icon"
                    fill="none"
                    height="24"
                    viewBox="0 0 24 24"
                    width="24"
                    xmlns="http://www.w3.org/2000/svg"
                  >
                    <path
                      d="M10 13a5 5 0 007.54.54l3-3a5 5 0 00-7.07-7.07l-1.72 1.71"
                      stroke="#9B9B9B"
                      stroke-linecap="round"
                      stroke-linejoin="round"
                      stroke-width="2"
                    />
                    <path
                      d="M14 11a5 5 0 00-7.54-.54l-3 3a5 5 0 007.07 7.07l1.71-1.71"
                      stroke="#9B9B9B"
                      stroke-linecap="round"
                      stroke-linejoin="round"
                      stroke-width="2"
                    />
                  </svg>
                </a>
                <div
                  class="permalink-child"
                >
                  <code
                    class="css-16fp3b3 inline"
                  >
                    intentFilters
                  </code>
                </div>
              </div>
            </h4>
          </div>
        </td>
        <td
          class="css-1arns64"
        >
          <div
            class="css-wwcozn "
            data-text="true"
          >
            <strong
              class="css-ynl9kf"
            >
              (array)
            </strong>
             - Configuration for setting an array of custom intent filters in Android manifest.
            <details
              class="css-1njguyv"
            >
              <summary
                class="css-t3ygxe"
              >
                Bare Workflow
              </summary>
              This is set in AndroidManifest.xml directly.
            </details>
          </div>
          <blockquote
            class="css-10x6hiz"
            data-text="true"
          >
            <div
              class="css-wwcozn "
              data-text="true"
            >
               
              [{
"autoVerify": true,
"data": {"host": "*.expo.io"
}
}]
            </div>
          </blockquote>
        </td>
      </tr>
      <tr>
        <td>
          <div
            data-testid="<subpropertyAnchor><inlineCode>autoVerify</inlineCode></subpropertyAnchor>"
            style="margin-left: 44px; display: list-item; list-style-type: default; overflow-x: visible;"
          >
            <div
              class="css-wwcozn "
              data-text="true"
            >
              <div
                class="css-3t0ask"
              >
                <span
                  class="css-1fj428k"
                  id="autoverify"
                />
                <a
                  class="permalink css-1lc60ja"
                  href="#autoverify"
                  style="left: -38px;"
                >
                  <svg
                    aria-label="permalink"
                    class="anchor-icon"
                    fill="none"
                    height="24"
                    viewBox="0 0 24 24"
                    width="24"
                    xmlns="http://www.w3.org/2000/svg"
                  >
                    <path
                      d="M10 13a5 5 0 007.54.54l3-3a5 5 0 00-7.07-7.07l-1.72 1.71"
                      stroke="#9B9B9B"
                      stroke-linecap="round"
                      stroke-linejoin="round"
                      stroke-width="2"
                    />
                    <path
                      d="M14 11a5 5 0 00-7.54-.54l-3 3a5 5 0 007.07 7.07l1.71-1.71"
                      stroke="#9B9B9B"
                      stroke-linecap="round"
                      stroke-linejoin="round"
                      stroke-width="2"
                    />
                  </svg>
                </a>
                <div
                  class="permalink-child"
                >
                  <code
                    class="css-16fp3b3 inline"
                  >
                    autoVerify
                  </code>
                </div>
              </div>
            </div>
          </div>
        </td>
        <td
          class="css-1arns64"
        >
          <div
            class="css-wwcozn "
            data-text="true"
          >
            <strong
              class="css-ynl9kf"
            >
              (boolean)
            </strong>
             - You may also use an intent filter to set your app as the default handler for links
          </div>
        </td>
      </tr>
      <tr>
        <td>
          <div
            data-testid="<subpropertyAnchor><inlineCode>data</inlineCode></subpropertyAnchor>"
            style="margin-left: 44px; display: list-item; list-style-type: default; overflow-x: visible;"
          >
            <div
              class="css-wwcozn "
              data-text="true"
            >
              <div
                class="css-3t0ask"
              >
                <span
                  class="css-1fj428k"
                  id="data"
                />
                <a
                  class="permalink css-1lc60ja"
                  href="#data"
                  style="left: -38px;"
                >
                  <svg
                    aria-label="permalink"
                    class="anchor-icon"
                    fill="none"
                    height="24"
                    viewBox="0 0 24 24"
                    width="24"
                    xmlns="http://www.w3.org/2000/svg"
                  >
                    <path
                      d="M10 13a5 5 0 007.54.54l3-3a5 5 0 00-7.07-7.07l-1.72 1.71"
                      stroke="#9B9B9B"
                      stroke-linecap="round"
                      stroke-linejoin="round"
                      stroke-width="2"
                    />
                    <path
                      d="M14 11a5 5 0 00-7.54-.54l-3 3a5 5 0 007.07 7.07l1.71-1.71"
                      stroke="#9B9B9B"
                      stroke-linecap="round"
                      stroke-linejoin="round"
                      stroke-width="2"
                    />
                  </svg>
                </a>
                <div
                  class="permalink-child"
                >
                  <code
                    class="css-16fp3b3 inline"
                  >
                    data
                  </code>
                </div>
              </div>
            </div>
          </div>
        </td>
        <td
          class="css-1arns64"
        >
          <div
            class="css-wwcozn "
            data-text="true"
          >
            <strong
              class="css-ynl9kf"
            >
              (array || object)
            </strong>
          </div>
        </td>
      </tr>
      <tr>
        <td>
          <div
            data-testid="<subpropertyAnchor><inlineCode>host</inlineCode></subpropertyAnchor>"
            style="margin-left: 76px; display: list-item; list-style-type: circle; overflow-x: visible;"
          >
            <div
              class="css-wwcozn "
              data-text="true"
            >
              <div
                class="css-3t0ask"
              >
                <span
                  class="css-1fj428k"
                  id="host"
                />
                <a
                  class="permalink css-1lc60ja"
                  href="#host"
                  style="left: -38px;"
                >
                  <svg
                    aria-label="permalink"
                    class="anchor-icon"
                    fill="none"
                    height="24"
                    viewBox="0 0 24 24"
                    width="24"
                    xmlns="http://www.w3.org/2000/svg"
                  >
                    <path
                      d="M10 13a5 5 0 007.54.54l3-3a5 5 0 00-7.07-7.07l-1.72 1.71"
                      stroke="#9B9B9B"
                      stroke-linecap="round"
                      stroke-linejoin="round"
                      stroke-width="2"
                    />
                    <path
                      d="M14 11a5 5 0 00-7.54-.54l-3 3a5 5 0 007.07 7.07l1.71-1.71"
                      stroke="#9B9B9B"
                      stroke-linecap="round"
                      stroke-linejoin="round"
                      stroke-width="2"
                    />
                  </svg>
                </a>
                <div
                  class="permalink-child"
                >
                  <code
                    class="css-16fp3b3 inline"
                  >
                    host
                  </code>
                </div>
              </div>
            </div>
          </div>
        </td>
        <td
          class="css-1arns64"
        >
          <div
            class="css-wwcozn "
            data-text="true"
          >
            <strong
              class="css-ynl9kf"
            >
              (string)
            </strong>
          </div>
        </td>
      </tr>
    </tbody>
  </table>
</div>
`;
