// Jest Snapshot v1, https://goo.gl/fbAQLP

exports[`addCameraImport modifies the build.gradle 1`] = `
"
buildscript {
    ext {
        buildToolsVersion = \\"29.0.2\\"
        minSdkVersion = 21
        compileSdkVersion = 29
        targetSdkVersion = 29
    }
    repositories {
        google()
        jcenter()
    }
    dependencies {
        classpath(\\"com.android.tools.build:gradle:3.5.3\\")
    }
}

allprojects {
    repositories {
        mavenLocal()
        maven {
            url(\\"$rootDir/../node_modules/react-native/android\\")
        }
        maven {
            url(\\"$rootDir/../node_modules/jsc-android/dist\\")
        }
        google()
        jcenter()
        maven { url 'https://www.jitpack.io' }
    }
}
// @generated begin expo-camera-import - expo prebuild (DO NOT MODIFY) sync-f1803df5e2eb7989047d690ec86a70a7a4a884e4
def mavenPath = new File([\\"node\\", \\"--print\\", \\"require.resolve('expo-camera/package.json')\\"].execute().text.trim(), \\"../android/maven\\")
allprojects { repositories { maven { url($mavenPath.absolutePath) } } }
// @generated end expo-camera-import"
`;
