// Jest Snapshot v1, https://goo.gl/fbAQLP

exports[`e2e: macOS locales writes all the image files expected 1`] = `"CFBundleDisplayName = "french-name";"`;
